app/components/ArticleCard.tsx(124,33): error TS2345: Argument of type 'Date' is not assignable to parameter of type 'string'.
app/components/MarkdownEditor.tsx(149,16): error TS2604: JSX element type 'item.icon' does not have any construct or call signatures.
app/components/MarkdownEditor.tsx(149,16): error TS2786: 'item.icon' cannot be used as a JSX component.
  Its type 'ForwardRefExoticComponent<Omit<LucideProps, "ref"> & RefAttributes<SVGSVGElement>> | undefined' is not a valid JSX element type.
    Type 'undefined' is not assignable to type 'ElementType'.
app/components/UserSidebar.tsx(77,7): error TS2322: Type 'ForwardRefExoticComponent<Omit<LucideProps, "ref"> & RefAttributes<SVGSVGElement>>' is not assignable to type 'ComponentType<{ size?: number | undefined; }>'.
  Type 'ForwardRefExoticComponent<Omit<LucideProps, "ref"> & RefAttributes<SVGSVGElement>>' is not assignable to type 'FunctionComponent<{ size?: number | undefined; }>'.
    Types of property 'propTypes' are incompatible.
      Type 'WeakValidationMap<Omit<LucideProps, "ref"> & RefAttributes<SVGSVGElement>> | undefined' is not assignable to type 'WeakValidationMap<{ size?: number | undefined; }> | undefined'.
        Type 'WeakValidationMap<Omit<LucideProps, "ref"> & RefAttributes<SVGSVGElement>>' is not assignable to type 'WeakValidationMap<{ size?: number | undefined; }>'.
          Types of property 'size' are incompatible.
            Type 'Validator<string | number | null | undefined> | undefined' is not assignable to type 'Validator<number | null | undefined> | undefined'.
              Type 'Validator<string | number | null | undefined>' is not assignable to type 'Validator<number | null | undefined>'.
                Type 'string | number | null | undefined' is not assignable to type 'number | null | undefined'.
                  Type 'string' is not assignable to type 'number'.
app/components/UserSidebar.tsx(171,44): error TS2345: Argument of type '{ email: string; phone: string; linkedin: string; github: string; twitter: string; website: string; createdAt: string; updatedAt?: string | undefined; }' is not assignable to parameter of type 'ContactDetails'.
  Property 'buyCoffee' is missing in type '{ email: string; phone: string; linkedin: string; github: string; twitter: string; website: string; createdAt: string; updatedAt?: string | undefined; }' but required in type 'ContactDetails'.
app/routeConfig.ts(4,24): error TS7006: Parameter 'route' implicitly has an 'any' type.
app/routes/admin/_post.edit.$slug.tsx(67,11): error TS2339: Property 'post' does not exist on type 'JsonifyObject<{ error: string; }> | JsonifyObject<{ post: { author: { id: string; email: string | null; authorName: string; }; } & { type: string; id: string; createdAt: Date; updatedAt: Date; ... 17 more ...; date: Date; }; }>'.
app/routes/admin/_post.edit.$slug.tsx(67,17): error TS2339: Property 'error' does not exist on type 'JsonifyObject<{ error: string; }> | JsonifyObject<{ post: { author: { id: string; email: string | null; authorName: string; }; } & { type: string; id: string; createdAt: Date; updatedAt: Date; ... 17 more ...; date: Date; }; }>'.
app/routes/admin/_post.edit.$slug.tsx(75,28): error TS2345: Argument of type 'string | Promise<string>' is not assignable to parameter of type 'SetStateAction<string>'.
  Type 'Promise<string>' is not assignable to type 'SetStateAction<string>'.
app/routes/admin/about.tsx(77,62): error TS2339: Property 'projects' does not exist on type 'IPortfolioDoc'.
app/routes/admin/about.tsx(82,44): error TS2345: Argument of type 'string | undefined' is not assignable to parameter of type 'Message'.
  Type 'undefined' is not assignable to type 'Message'.
app/routes/admin/about.tsx(171,59): error TS2322: Type 'ObjectId' is not assignable to type 'string | number | readonly string[] | undefined'.
  Type 'ObjectId' is missing the following properties from type 'readonly string[]': length, concat, join, slice, and 20 more.
app/routes/admin/announcements.tsx(113,32): error TS2339: Property 'message' does not exist on type 'JsonifyObject<{ success: boolean; message: string; }> | JsonifyObject<{ success: boolean; error: string; }>'.
  Property 'message' does not exist on type 'JsonifyObject<{ success: boolean; error: string; }>'.
app/routes/admin/announcements.tsx(117,21): error TS2339: Property 'error' does not exist on type 'JsonifyObject<{ success: boolean; message: string; }> | JsonifyObject<{ success: boolean; error: string; }>'.
  Property 'error' does not exist on type 'JsonifyObject<{ success: boolean; message: string; }>'.
app/routes/admin/announcements.tsx(118,30): error TS2339: Property 'error' does not exist on type 'JsonifyObject<{ success: boolean; message: string; }> | JsonifyObject<{ success: boolean; error: string; }>'.
  Property 'error' does not exist on type 'JsonifyObject<{ success: boolean; message: string; }>'.
app/routes/admin/assets.tsx(229,20): error TS2339: Property 'error' does not exist on type 'JsonifyObject<{ success: boolean; error: string | undefined; }> | JsonifyObject<{ success: boolean; message: string; }>'.
  Property 'error' does not exist on type 'JsonifyObject<{ success: boolean; message: string; }>'.
app/routes/admin/assets.tsx(232,26): error TS2339: Property 'error' does not exist on type 'JsonifyObject<{ success: boolean; error: string | undefined; }> | JsonifyObject<{ success: boolean; message: string; }>'.
  Property 'error' does not exist on type 'JsonifyObject<{ success: boolean; message: string; }>'.
app/routes/admin/assets.tsx(236,20): error TS2339: Property 'message' does not exist on type 'JsonifyObject<{ success: boolean; error: string | undefined; }> | JsonifyObject<{ success: boolean; message: string; }>'.
  Property 'message' does not exist on type 'JsonifyObject<{ success: boolean; error: string | undefined; }>'.
app/routes/admin/assets.tsx(239,26): error TS2339: Property 'message' does not exist on type 'JsonifyObject<{ success: boolean; error: string | undefined; }> | JsonifyObject<{ success: boolean; message: string; }>'.
  Property 'message' does not exist on type 'JsonifyObject<{ success: boolean; error: string | undefined; }>'.
app/routes/admin/authors.$id.tsx(25,6): error TS2322: Type '{ posts: ({ author: { id: string; email: string | null; authorName: string; }; } & { type: string; id: string; createdAt: Date; updatedAt: Date; authorId: string; slug: string; title: string; content: string; ... 13 more ...; date: Date; })[]; total: number; page: number; totalPages: number; hasMore: boolean; }' is not assignable to type '{ posts: never[]; total: number; }'.
  Types of property 'posts' are incompatible.
    Type '({ author: { id: string; email: string | null; authorName: string; }; } & { type: string; id: string; createdAt: Date; updatedAt: Date; authorId: string; slug: string; title: string; content: string; ... 13 more ...; date: Date; })[]' is not assignable to type 'never[]'.
      Type '{ author: { id: string; email: string | null; authorName: string; }; } & { type: string; id: string; createdAt: Date; updatedAt: Date; authorId: string; slug: string; title: string; content: string; ... 13 more ...; date: Date; }' is not assignable to type 'never'.
app/routes/admin/categories.tsx(7,35): error TS1149: File name 'C:/Users/amena/OneDrive/Desktop/Yahya/Personal/yahyaoncloud/app/components/ui/Card.tsx' differs from already included file name 'C:/Users/amena/OneDrive/Desktop/Yahya/Personal/yahyaoncloud/app/components/ui/card.tsx' only in casing.
  The file is in the program because:
    Matched by include pattern '**/*.tsx' in 'C:/Users/amena/OneDrive/Desktop/Yahya/Personal/yahyaoncloud/tsconfig.json'
    Imported via "~/components/ui/card" from file 'C:/Users/amena/OneDrive/Desktop/Yahya/Personal/yahyaoncloud/app/routes/admin/about.tsx'
    Imported via "~/components/ui/card" from file 'C:/Users/amena/OneDrive/Desktop/Yahya/Personal/yahyaoncloud/app/routes/admin/announcements.tsx'
    Imported via "~/components/ui/card" from file 'C:/Users/amena/OneDrive/Desktop/Yahya/Personal/yahyaoncloud/app/routes/admin/authors.tsx'
    Imported via "~/components/ui/Card" from file 'C:/Users/amena/OneDrive/Desktop/Yahya/Personal/yahyaoncloud/app/routes/admin/categories.tsx'
    Imported via "~/components/ui/card" from file 'C:/Users/amena/OneDrive/Desktop/Yahya/Personal/yahyaoncloud/app/routes/admin/dashboard.tsx'
    Imported via "~/components/ui/card" from file 'C:/Users/amena/OneDrive/Desktop/Yahya/Personal/yahyaoncloud/app/routes/admin/homepage-cards.tsx'
    Imported via "~/components/ui/Card" from file 'C:/Users/amena/OneDrive/Desktop/Yahya/Personal/yahyaoncloud/app/routes/admin/media.tsx'
    Imported via "~/components/ui/Card" from file 'C:/Users/amena/OneDrive/Desktop/Yahya/Personal/yahyaoncloud/app/routes/admin/portfolio.tsx'
    Imported via "~/components/ui/card" from file 'C:/Users/amena/OneDrive/Desktop/Yahya/Personal/yahyaoncloud/app/routes/admin/post.create.tsx'
    Imported via "~/components/ui/card" from file 'C:/Users/amena/OneDrive/Desktop/Yahya/Personal/yahyaoncloud/app/routes/admin/post.edit.$slug.tsx'
    Imported via "~/components/ui/Card" from file 'C:/Users/amena/OneDrive/Desktop/Yahya/Personal/yahyaoncloud/app/routes/admin/tags.tsx'
    Imported via '~/components/ui/card' from file 'C:/Users/amena/OneDrive/Desktop/Yahya/Personal/yahyaoncloud/app/routes/authors/profile.tsx'
app/routes/admin/categories.tsx(67,63): error TS2339: Property 'message' does not exist on type 'JsonifyObject<{ success: boolean; message: string; }> | JsonifyObject<{ success: boolean; error: string; }>'.
  Property 'message' does not exist on type 'JsonifyObject<{ success: boolean; error: string; }>'.
app/routes/admin/categories.tsx(69,32): error TS2339: Property 'error' does not exist on type 'JsonifyObject<{ success: boolean; message: string; }> | JsonifyObject<{ success: boolean; error: string; }>'.
  Property 'error' does not exist on type 'JsonifyObject<{ success: boolean; message: string; }>'.
app/routes/admin/categories.tsx(70,61): error TS2339: Property 'error' does not exist on type 'JsonifyObject<{ success: boolean; message: string; }> | JsonifyObject<{ success: boolean; error: string; }>'.
  Property 'error' does not exist on type 'JsonifyObject<{ success: boolean; message: string; }>'.
app/routes/admin/contact.tsx(24,31): error TS7006: Parameter 'e' implicitly has an 'any' type.
app/routes/admin/contact.tsx(62,25): error TS7006: Parameter 'e' implicitly has an 'any' type.
app/routes/admin/create.tsx(22,28): error TS2339: Property 'GO_BACKEND_URL' does not exist on type '{ MONGODB_URI: string | undefined; NODE_ENV: "test" | "development" | "production"; GITHUB_CALLBACK_URL: string | undefined; SESSION_SECRET: string | undefined; FIREBASE_API_KEY: string | undefined; ... 5 more ...; FIREBASE_APP_ID: string | undefined; }'.
app/routes/admin/create.tsx(23,28): error TS2339: Property 'GO_BACKEND_URL' does not exist on type '{ MONGODB_URI: string | undefined; NODE_ENV: "test" | "development" | "production"; GITHUB_CALLBACK_URL: string | undefined; SESSION_SECRET: string | undefined; FIREBASE_API_KEY: string | undefined; ... 5 more ...; FIREBASE_APP_ID: string | undefined; }'.
app/routes/admin/create.tsx(94,26): error TS2339: Property 'GO_BACKEND_URL' does not exist on type '{ MONGODB_URI: string | undefined; NODE_ENV: "test" | "development" | "production"; GITHUB_CALLBACK_URL: string | undefined; SESSION_SECRET: string | undefined; FIREBASE_API_KEY: string | undefined; ... 5 more ...; FIREBASE_APP_ID: string | undefined; }'.
app/routes/admin/create.tsx(95,26): error TS2339: Property 'GO_BACKEND_URL' does not exist on type '{ MONGODB_URI: string | undefined; NODE_ENV: "test" | "development" | "production"; GITHUB_CALLBACK_URL: string | undefined; SESSION_SECRET: string | undefined; FIREBASE_API_KEY: string | undefined; ... 5 more ...; FIREBASE_APP_ID: string | undefined; }'.
app/routes/admin/create.tsx(103,45): error TS2339: Property 'trim' does not exist on type 'FormDataEntryValue'.
  Property 'trim' does not exist on type 'File'.
app/routes/admin/create.tsx(110,51): error TS2339: Property 'GO_BACKEND_URL' does not exist on type '{ MONGODB_URI: string | undefined; NODE_ENV: "test" | "development" | "production"; GITHUB_CALLBACK_URL: string | undefined; SESSION_SECRET: string | undefined; FIREBASE_API_KEY: string | undefined; ... 5 more ...; FIREBASE_APP_ID: string | undefined; }'.
app/routes/admin/create.tsx(126,37): error TS2339: Property 'id' does not exist on type 'Category'.
app/routes/admin/create.tsx(132,54): error TS2339: Property 'id' does not exist on type 'Category'.
app/routes/admin/create.tsx(138,5): error TS2322: Type 'FormDataEntryValue' is not assignable to type 'string'.
  Type 'File' is not assignable to type 'string'.
app/routes/admin/create.tsx(147,52): error TS2339: Property 'id' does not exist on type 'Tag'.
app/routes/admin/create.tsx(149,26): error TS2339: Property 'id' does not exist on type 'Tag'.
app/routes/admin/create.tsx(152,27): error TS2677: A type predicate's type must be assignable to its parameter's type.
  Property 'id' is missing in type 'Tag' but required in type '{ id: any; name: string; tagID: string | undefined; }'.
app/routes/admin/create.tsx(198,5): error TS2322: Type 'string' is not assignable to type 'Date'.
app/routes/admin/create.tsx(201,5): error TS2322: Type '({ id: any; name: string; tagID: string | undefined; } | null)[]' is not assignable to type 'Tag[]'.
  Type '{ id: any; name: string; tagID: string | undefined; } | null' is not assignable to type 'Tag'.
    Type 'null' is not assignable to type 'Tag'.
app/routes/admin/create.tsx(202,5): error TS2322: Type '{ id: string; url: string; altText: string; uploadedBy: string; type: "image"; createdAt: string; } | undefined' is not assignable to type 'string'.
  Type 'undefined' is not assignable to type 'string'.
app/routes/admin/create.tsx(204,5): error TS2322: Type 'string' is not assignable to type 'Date'.
app/routes/admin/create.tsx(205,5): error TS2322: Type 'string' is not assignable to type 'Date'.
app/routes/admin/create.tsx(210,49): error TS2339: Property 'GO_BACKEND_URL' does not exist on type '{ MONGODB_URI: string | undefined; NODE_ENV: "test" | "development" | "production"; GITHUB_CALLBACK_URL: string | undefined; SESSION_SECRET: string | undefined; FIREBASE_API_KEY: string | undefined; ... 5 more ...; FIREBASE_APP_ID: string | undefined; }'.
app/routes/admin/create.tsx(372,41): error TS2339: Property 'id' does not exist on type 'Category'.
app/routes/admin/create.tsx(372,61): error TS2339: Property 'id' does not exist on type 'Category'.
app/routes/admin/create.tsx(444,53): error TS2339: Property 'id' does not exist on type 'Tag'.
app/routes/admin/guestbook.tsx(6,10): error TS2305: Module '"~/Services/admin.prisma.server"' has no exported member 'getGuestbookEntries'.
app/routes/admin/guestbook.tsx(6,31): error TS2305: Module '"~/Services/admin.prisma.server"' has no exported member 'createGuestbookEntry'.
app/routes/admin/guestbook.tsx(6,53): error TS2305: Module '"~/Services/admin.prisma.server"' has no exported member 'deleteGuestbookEntry'.
app/routes/admin/guestbook.tsx(6,75): error TS2305: Module '"~/Services/admin.prisma.server"' has no exported member 'approveGuestbookEntry'.
app/routes/admin/homepage-cards.tsx(86,34): error TS2339: Property 'message' does not exist on type 'JsonifyObject<{ success: boolean; message: string; }> | JsonifyObject<{ success: boolean; error: string; }>'.
  Property 'message' does not exist on type 'JsonifyObject<{ success: boolean; error: string; }>'.
app/routes/admin/homepage-cards.tsx(90,21): error TS2339: Property 'error' does not exist on type 'JsonifyObject<{ success: boolean; message: string; }> | JsonifyObject<{ success: boolean; error: string; }>'.
  Property 'error' does not exist on type 'JsonifyObject<{ success: boolean; message: string; }>'.
app/routes/admin/homepage-cards.tsx(90,51): error TS2339: Property 'error' does not exist on type 'JsonifyObject<{ success: boolean; message: string; }> | JsonifyObject<{ success: boolean; error: string; }>'.
  Property 'error' does not exist on type 'JsonifyObject<{ success: boolean; message: string; }>'.
app/routes/admin/logout.tsx(26,31): error TS2345: Argument of type 'Auth | undefined' is not assignable to parameter of type 'Auth'.
  Type 'undefined' is not assignable to type 'Auth'.
app/routes/admin/media.tsx(4,58): error TS1149: File name 'C:/Users/amena/OneDrive/Desktop/Yahya/Personal/yahyaoncloud/app/components/ui/Card.tsx' differs from already included file name 'C:/Users/amena/OneDrive/Desktop/Yahya/Personal/yahyaoncloud/app/components/ui/card.tsx' only in casing.
  The file is in the program because:
    Matched by include pattern '**/*.tsx' in 'C:/Users/amena/OneDrive/Desktop/Yahya/Personal/yahyaoncloud/tsconfig.json'
    Imported via "~/components/ui/card" from file 'C:/Users/amena/OneDrive/Desktop/Yahya/Personal/yahyaoncloud/app/routes/admin/about.tsx'
    Imported via "~/components/ui/card" from file 'C:/Users/amena/OneDrive/Desktop/Yahya/Personal/yahyaoncloud/app/routes/admin/announcements.tsx'
    Imported via "~/components/ui/card" from file 'C:/Users/amena/OneDrive/Desktop/Yahya/Personal/yahyaoncloud/app/routes/admin/authors.tsx'
    Imported via "~/components/ui/Card" from file 'C:/Users/amena/OneDrive/Desktop/Yahya/Personal/yahyaoncloud/app/routes/admin/categories.tsx'
    Imported via "~/components/ui/card" from file 'C:/Users/amena/OneDrive/Desktop/Yahya/Personal/yahyaoncloud/app/routes/admin/dashboard.tsx'
    Imported via "~/components/ui/card" from file 'C:/Users/amena/OneDrive/Desktop/Yahya/Personal/yahyaoncloud/app/routes/admin/homepage-cards.tsx'
    Imported via "~/components/ui/Card" from file 'C:/Users/amena/OneDrive/Desktop/Yahya/Personal/yahyaoncloud/app/routes/admin/media.tsx'
    Imported via "~/components/ui/Card" from file 'C:/Users/amena/OneDrive/Desktop/Yahya/Personal/yahyaoncloud/app/routes/admin/portfolio.tsx'
    Imported via "~/components/ui/card" from file 'C:/Users/amena/OneDrive/Desktop/Yahya/Personal/yahyaoncloud/app/routes/admin/post.create.tsx'
    Imported via "~/components/ui/card" from file 'C:/Users/amena/OneDrive/Desktop/Yahya/Personal/yahyaoncloud/app/routes/admin/post.edit.$slug.tsx'
    Imported via "~/components/ui/Card" from file 'C:/Users/amena/OneDrive/Desktop/Yahya/Personal/yahyaoncloud/app/routes/admin/tags.tsx'
    Imported via '~/components/ui/card' from file 'C:/Users/amena/OneDrive/Desktop/Yahya/Personal/yahyaoncloud/app/routes/authors/profile.tsx'
app/routes/admin/portfolio.tsx(12,75): error TS1149: File name 'C:/Users/amena/OneDrive/Desktop/Yahya/Personal/yahyaoncloud/app/components/ui/Card.tsx' differs from already included file name 'C:/Users/amena/OneDrive/Desktop/Yahya/Personal/yahyaoncloud/app/components/ui/card.tsx' only in casing.
  The file is in the program because:
    Matched by include pattern '**/*.tsx' in 'C:/Users/amena/OneDrive/Desktop/Yahya/Personal/yahyaoncloud/tsconfig.json'
    Imported via "~/components/ui/card" from file 'C:/Users/amena/OneDrive/Desktop/Yahya/Personal/yahyaoncloud/app/routes/admin/about.tsx'
    Imported via "~/components/ui/card" from file 'C:/Users/amena/OneDrive/Desktop/Yahya/Personal/yahyaoncloud/app/routes/admin/announcements.tsx'
    Imported via "~/components/ui/card" from file 'C:/Users/amena/OneDrive/Desktop/Yahya/Personal/yahyaoncloud/app/routes/admin/authors.tsx'
    Imported via "~/components/ui/Card" from file 'C:/Users/amena/OneDrive/Desktop/Yahya/Personal/yahyaoncloud/app/routes/admin/categories.tsx'
    Imported via "~/components/ui/card" from file 'C:/Users/amena/OneDrive/Desktop/Yahya/Personal/yahyaoncloud/app/routes/admin/dashboard.tsx'
    Imported via "~/components/ui/card" from file 'C:/Users/amena/OneDrive/Desktop/Yahya/Personal/yahyaoncloud/app/routes/admin/homepage-cards.tsx'
    Imported via "~/components/ui/Card" from file 'C:/Users/amena/OneDrive/Desktop/Yahya/Personal/yahyaoncloud/app/routes/admin/media.tsx'
    Imported via "~/components/ui/Card" from file 'C:/Users/amena/OneDrive/Desktop/Yahya/Personal/yahyaoncloud/app/routes/admin/portfolio.tsx'
    Imported via "~/components/ui/card" from file 'C:/Users/amena/OneDrive/Desktop/Yahya/Personal/yahyaoncloud/app/routes/admin/post.create.tsx'
    Imported via "~/components/ui/card" from file 'C:/Users/amena/OneDrive/Desktop/Yahya/Personal/yahyaoncloud/app/routes/admin/post.edit.$slug.tsx'
    Imported via "~/components/ui/Card" from file 'C:/Users/amena/OneDrive/Desktop/Yahya/Personal/yahyaoncloud/app/routes/admin/tags.tsx'
    Imported via '~/components/ui/card' from file 'C:/Users/amena/OneDrive/Desktop/Yahya/Personal/yahyaoncloud/app/routes/authors/profile.tsx'
app/routes/admin/portfolio.tsx(126,35): error TS2353: Object literal may only specify known properties, and 'projects' does not exist in type 'Partial<IPortfolioDoc>'.
app/routes/admin/portfolio.tsx(194,32): error TS2339: Property 'experiences' does not exist on type '{}'.
app/routes/admin/portfolio.tsx(195,35): error TS2339: Property 'certifications' does not exist on type '{}'.
app/routes/admin/portfolio.tsx(196,41): error TS2339: Property 'skills' does not exist on type '{}'.
app/routes/admin/portfolio.tsx(196,61): error TS2339: Property 'skills' does not exist on type '{}'.
app/routes/admin/portfolio.tsx(196,94): error TS2339: Property 'skills' does not exist on type '{}'.
app/routes/admin/portfolio.tsx(197,29): error TS2339: Property 'projects' does not exist on type '{}'.
app/routes/admin/portfolio.tsx(198,32): error TS2339: Property 'socialLinks' does not exist on type '{}'.
app/routes/admin/portfolio.tsx(204,32): error TS2339: Property 'message' does not exist on type 'JsonifyObject<{ success: boolean; message: string; }> | JsonifyObject<{ success: boolean; error: string; }>'.
  Property 'message' does not exist on type 'JsonifyObject<{ success: boolean; error: string; }>'.
app/routes/admin/portfolio.tsx(206,21): error TS2339: Property 'error' does not exist on type 'JsonifyObject<{ success: boolean; message: string; }> | JsonifyObject<{ success: boolean; error: string; }>'.
  Property 'error' does not exist on type 'JsonifyObject<{ success: boolean; message: string; }>'.
app/routes/admin/portfolio.tsx(207,30): error TS2339: Property 'error' does not exist on type 'JsonifyObject<{ success: boolean; message: string; }> | JsonifyObject<{ success: boolean; error: string; }>'.
  Property 'error' does not exist on type 'JsonifyObject<{ success: boolean; message: string; }>'.
app/routes/admin/portfolio.tsx(291,36): error TS2322: Type 'ForwardRefExoticComponent<Omit<LucideProps, "ref"> & RefAttributes<SVGSVGElement>>' is not assignable to type 'ComponentType<{ size?: number | undefined; }>'.
  Type 'ForwardRefExoticComponent<Omit<LucideProps, "ref"> & RefAttributes<SVGSVGElement>>' is not assignable to type 'FunctionComponent<{ size?: number | undefined; }>'.
    Types of property 'propTypes' are incompatible.
      Type 'WeakValidationMap<Omit<LucideProps, "ref"> & RefAttributes<SVGSVGElement>> | undefined' is not assignable to type 'WeakValidationMap<{ size?: number | undefined; }> | undefined'.
        Type 'WeakValidationMap<Omit<LucideProps, "ref"> & RefAttributes<SVGSVGElement>>' is not assignable to type 'WeakValidationMap<{ size?: number | undefined; }>'.
          Types of property 'size' are incompatible.
            Type 'Validator<string | number | null | undefined> | undefined' is not assignable to type 'Validator<number | null | undefined> | undefined'.
              Type 'Validator<string | number | null | undefined>' is not assignable to type 'Validator<number | null | undefined>'.
                Type 'string | number | null | undefined' is not assignable to type 'number | null | undefined'.
                  Type 'string' is not assignable to type 'number'.
app/routes/admin/portfolio.tsx(294,63): error TS2339: Property '_id' does not exist on type '{}'.
app/routes/admin/portfolio.tsx(295,80): error TS2339: Property 'portraitUrl' does not exist on type '{}'.
app/routes/admin/portfolio.tsx(300,72): error TS2339: Property 'name' does not exist on type '{}'.
app/routes/admin/portfolio.tsx(306,82): error TS2339: Property 'location' does not exist on type '{}'.
app/routes/admin/portfolio.tsx(317,43): error TS2339: Property 'bio' does not exist on type '{}'.
app/routes/admin/portfolio.tsx(326,28): error TS2339: Property 'portraitUrl' does not exist on type '{}'.
app/routes/admin/portfolio.tsx(327,39): error TS2339: Property 'portraitUrl' does not exist on type '{}'.
app/routes/admin/portfolio.tsx(343,44): error TS2322: Type 'ForwardRefExoticComponent<Omit<LucideProps, "ref"> & RefAttributes<SVGSVGElement>>' is not assignable to type 'ComponentType<{ size?: number | undefined; }>'.
  Type 'ForwardRefExoticComponent<Omit<LucideProps, "ref"> & RefAttributes<SVGSVGElement>>' is not assignable to type 'FunctionComponent<{ size?: number | undefined; }>'.
    Types of property 'propTypes' are incompatible.
      Type 'WeakValidationMap<Omit<LucideProps, "ref"> & RefAttributes<SVGSVGElement>> | undefined' is not assignable to type 'WeakValidationMap<{ size?: number | undefined; }> | undefined'.
        Type 'WeakValidationMap<Omit<LucideProps, "ref"> & RefAttributes<SVGSVGElement>>' is not assignable to type 'WeakValidationMap<{ size?: number | undefined; }>'.
          Types of property 'size' are incompatible.
            Type 'Validator<string | number | null | undefined> | undefined' is not assignable to type 'Validator<number | null | undefined> | undefined'.
              Type 'Validator<string | number | null | undefined>' is not assignable to type 'Validator<number | null | undefined>'.
                Type 'string | number | null | undefined' is not assignable to type 'number | null | undefined'.
                  Type 'string' is not assignable to type 'number'.
app/routes/admin/portfolio.tsx(346,63): error TS2339: Property '_id' does not exist on type '{}'.
app/routes/admin/portfolio.tsx(442,43): error TS2322: Type 'ForwardRefExoticComponent<Omit<LucideProps, "ref"> & RefAttributes<SVGSVGElement>>' is not assignable to type 'ComponentType<{ size?: number | undefined; }>'.
  Type 'ForwardRefExoticComponent<Omit<LucideProps, "ref"> & RefAttributes<SVGSVGElement>>' is not assignable to type 'FunctionComponent<{ size?: number | undefined; }>'.
    Types of property 'propTypes' are incompatible.
      Type 'WeakValidationMap<Omit<LucideProps, "ref"> & RefAttributes<SVGSVGElement>> | undefined' is not assignable to type 'WeakValidationMap<{ size?: number | undefined; }> | undefined'.
        Type 'WeakValidationMap<Omit<LucideProps, "ref"> & RefAttributes<SVGSVGElement>>' is not assignable to type 'WeakValidationMap<{ size?: number | undefined; }>'.
          Types of property 'size' are incompatible.
            Type 'Validator<string | number | null | undefined> | undefined' is not assignable to type 'Validator<number | null | undefined> | undefined'.
              Type 'Validator<string | number | null | undefined>' is not assignable to type 'Validator<number | null | undefined>'.
                Type 'string | number | null | undefined' is not assignable to type 'number | null | undefined'.
                  Type 'string' is not assignable to type 'number'.
app/routes/admin/portfolio.tsx(445,63): error TS2339: Property '_id' does not exist on type '{}'.
app/routes/admin/portfolio.tsx(501,35): error TS2322: Type 'ForwardRefExoticComponent<Omit<LucideProps, "ref"> & RefAttributes<SVGSVGElement>>' is not assignable to type 'ComponentType<{ size?: number | undefined; }>'.
  Type 'ForwardRefExoticComponent<Omit<LucideProps, "ref"> & RefAttributes<SVGSVGElement>>' is not assignable to type 'FunctionComponent<{ size?: number | undefined; }>'.
    Types of property 'propTypes' are incompatible.
      Type 'WeakValidationMap<Omit<LucideProps, "ref"> & RefAttributes<SVGSVGElement>> | undefined' is not assignable to type 'WeakValidationMap<{ size?: number | undefined; }> | undefined'.
        Type 'WeakValidationMap<Omit<LucideProps, "ref"> & RefAttributes<SVGSVGElement>>' is not assignable to type 'WeakValidationMap<{ size?: number | undefined; }>'.
          Types of property 'size' are incompatible.
            Type 'Validator<string | number | null | undefined> | undefined' is not assignable to type 'Validator<number | null | undefined> | undefined'.
              Type 'Validator<string | number | null | undefined>' is not assignable to type 'Validator<number | null | undefined>'.
                Type 'string | number | null | undefined' is not assignable to type 'number | null | undefined'.
                  Type 'string' is not assignable to type 'number'.
app/routes/admin/portfolio.tsx(504,63): error TS2339: Property '_id' does not exist on type '{}'.
app/routes/admin/portfolio.tsx(538,37): error TS2322: Type 'ForwardRefExoticComponent<Omit<LucideProps, "ref"> & RefAttributes<SVGSVGElement>>' is not assignable to type 'ComponentType<{ size?: number | undefined; }>'.
  Type 'ForwardRefExoticComponent<Omit<LucideProps, "ref"> & RefAttributes<SVGSVGElement>>' is not assignable to type 'FunctionComponent<{ size?: number | undefined; }>'.
    Types of property 'propTypes' are incompatible.
      Type 'WeakValidationMap<Omit<LucideProps, "ref"> & RefAttributes<SVGSVGElement>> | undefined' is not assignable to type 'WeakValidationMap<{ size?: number | undefined; }> | undefined'.
        Type 'WeakValidationMap<Omit<LucideProps, "ref"> & RefAttributes<SVGSVGElement>>' is not assignable to type 'WeakValidationMap<{ size?: number | undefined; }>'.
          Types of property 'size' are incompatible.
            Type 'Validator<string | number | null | undefined> | undefined' is not assignable to type 'Validator<number | null | undefined> | undefined'.
              Type 'Validator<string | number | null | undefined>' is not assignable to type 'Validator<number | null | undefined>'.
                Type 'string | number | null | undefined' is not assignable to type 'number | null | undefined'.
                  Type 'string' is not assignable to type 'number'.
app/routes/admin/portfolio.tsx(541,63): error TS2339: Property '_id' does not exist on type '{}'.
app/routes/admin/portfolio.tsx(612,41): error TS2322: Type 'ForwardRefExoticComponent<Omit<LucideProps, "ref"> & RefAttributes<SVGSVGElement>>' is not assignable to type 'ComponentType<{ size?: number | undefined; }>'.
  Type 'ForwardRefExoticComponent<Omit<LucideProps, "ref"> & RefAttributes<SVGSVGElement>>' is not assignable to type 'FunctionComponent<{ size?: number | undefined; }>'.
    Types of property 'propTypes' are incompatible.
      Type 'WeakValidationMap<Omit<LucideProps, "ref"> & RefAttributes<SVGSVGElement>> | undefined' is not assignable to type 'WeakValidationMap<{ size?: number | undefined; }> | undefined'.
        Type 'WeakValidationMap<Omit<LucideProps, "ref"> & RefAttributes<SVGSVGElement>>' is not assignable to type 'WeakValidationMap<{ size?: number | undefined; }>'.
          Types of property 'size' are incompatible.
            Type 'Validator<string | number | null | undefined> | undefined' is not assignable to type 'Validator<number | null | undefined> | undefined'.
              Type 'Validator<string | number | null | undefined>' is not assignable to type 'Validator<number | null | undefined>'.
                Type 'string | number | null | undefined' is not assignable to type 'number | null | undefined'.
                  Type 'string' is not assignable to type 'number'.
app/routes/admin/portfolio.tsx(615,63): error TS2339: Property '_id' does not exist on type '{}'.
app/routes/admin/post.create.tsx(46,13): error TS2353: Object literal may only specify known properties, and 'slug' does not exist in type 'Partial<IDraftDoc>'.
app/routes/admin/post.create.tsx(115,21): error TS2339: Property 'error' does not exist on type 'JsonifyObject<{ success: boolean; message: string; }> | JsonifyObject<{ error: string; }>'.
  Property 'error' does not exist on type 'JsonifyObject<{ success: boolean; message: string; }>'.
app/routes/admin/post.create.tsx(115,51): error TS2339: Property 'error' does not exist on type 'JsonifyObject<{ success: boolean; message: string; }> | JsonifyObject<{ error: string; }>'.
  Property 'error' does not exist on type 'JsonifyObject<{ success: boolean; message: string; }>'.
app/routes/admin/posts.tsx(97,32): error TS2339: Property 'message' does not exist on type 'JsonifyObject<{ success: boolean; message: string; }> | JsonifyObject<{ success: boolean; error: string; }>'.
  Property 'message' does not exist on type 'JsonifyObject<{ success: boolean; error: string; }>'.
app/routes/admin/posts.tsx(99,21): error TS2339: Property 'error' does not exist on type 'JsonifyObject<{ success: boolean; message: string; }> | JsonifyObject<{ success: boolean; error: string; }>'.
  Property 'error' does not exist on type 'JsonifyObject<{ success: boolean; message: string; }>'.
app/routes/admin/posts.tsx(100,30): error TS2339: Property 'error' does not exist on type 'JsonifyObject<{ success: boolean; message: string; }> | JsonifyObject<{ success: boolean; error: string; }>'.
  Property 'error' does not exist on type 'JsonifyObject<{ success: boolean; message: string; }>'.
app/routes/admin/resumes.tsx(116,32): error TS2339: Property 'message' does not exist on type 'JsonifyObject<{ success: boolean; error: string; }> | JsonifyObject<{ success: boolean; message: string; }>'.
  Property 'message' does not exist on type 'JsonifyObject<{ success: boolean; error: string; }>'.
app/routes/admin/resumes.tsx(119,21): error TS2339: Property 'error' does not exist on type 'JsonifyObject<{ success: boolean; error: string; }> | JsonifyObject<{ success: boolean; message: string; }>'.
  Property 'error' does not exist on type 'JsonifyObject<{ success: boolean; message: string; }>'.
app/routes/admin/resumes.tsx(120,30): error TS2339: Property 'error' does not exist on type 'JsonifyObject<{ success: boolean; error: string; }> | JsonifyObject<{ success: boolean; message: string; }>'.
  Property 'error' does not exist on type 'JsonifyObject<{ success: boolean; message: string; }>'.
app/routes/admin/tags.tsx(7,58): error TS1149: File name 'C:/Users/amena/OneDrive/Desktop/Yahya/Personal/yahyaoncloud/app/components/ui/Card.tsx' differs from already included file name 'C:/Users/amena/OneDrive/Desktop/Yahya/Personal/yahyaoncloud/app/components/ui/card.tsx' only in casing.
  The file is in the program because:
    Matched by include pattern '**/*.tsx' in 'C:/Users/amena/OneDrive/Desktop/Yahya/Personal/yahyaoncloud/tsconfig.json'
    Imported via "~/components/ui/card" from file 'C:/Users/amena/OneDrive/Desktop/Yahya/Personal/yahyaoncloud/app/routes/admin/about.tsx'
    Imported via "~/components/ui/card" from file 'C:/Users/amena/OneDrive/Desktop/Yahya/Personal/yahyaoncloud/app/routes/admin/announcements.tsx'
    Imported via "~/components/ui/card" from file 'C:/Users/amena/OneDrive/Desktop/Yahya/Personal/yahyaoncloud/app/routes/admin/authors.tsx'
    Imported via "~/components/ui/Card" from file 'C:/Users/amena/OneDrive/Desktop/Yahya/Personal/yahyaoncloud/app/routes/admin/categories.tsx'
    Imported via "~/components/ui/card" from file 'C:/Users/amena/OneDrive/Desktop/Yahya/Personal/yahyaoncloud/app/routes/admin/dashboard.tsx'
    Imported via "~/components/ui/card" from file 'C:/Users/amena/OneDrive/Desktop/Yahya/Personal/yahyaoncloud/app/routes/admin/homepage-cards.tsx'
    Imported via "~/components/ui/Card" from file 'C:/Users/amena/OneDrive/Desktop/Yahya/Personal/yahyaoncloud/app/routes/admin/media.tsx'
    Imported via "~/components/ui/Card" from file 'C:/Users/amena/OneDrive/Desktop/Yahya/Personal/yahyaoncloud/app/routes/admin/portfolio.tsx'
    Imported via "~/components/ui/card" from file 'C:/Users/amena/OneDrive/Desktop/Yahya/Personal/yahyaoncloud/app/routes/admin/post.create.tsx'
    Imported via "~/components/ui/card" from file 'C:/Users/amena/OneDrive/Desktop/Yahya/Personal/yahyaoncloud/app/routes/admin/post.edit.$slug.tsx'
    Imported via "~/components/ui/Card" from file 'C:/Users/amena/OneDrive/Desktop/Yahya/Personal/yahyaoncloud/app/routes/admin/tags.tsx'
    Imported via '~/components/ui/card' from file 'C:/Users/amena/OneDrive/Desktop/Yahya/Personal/yahyaoncloud/app/routes/authors/profile.tsx'
app/routes/api/logout.ts(2,10): error TS2305: Module '"~/utils/session.server"' has no exported member 'logout'.
app/routes/auth/login.tsx(43,16): error TS2339: Property 'ENV' does not exist on type 'Window & typeof globalThis'.
app/routes/auth/login.tsx(43,29): error TS2339: Property 'ENV' does not exist on type 'Window & typeof globalThis'.
app/routes/auth/login.tsx(44,16): error TS2339: Property 'ENV' does not exist on type 'Window & typeof globalThis'.
app/routes/auth/login.tsx(49,55): error TS2339: Property 'error' does not exist on type '{}'.
app/routes/auth/login.tsx(50,68): error TS2339: Property 'error' does not exist on type '{}'.
app/routes/auth/login.tsx(60,50): error TS2345: Argument of type 'Auth | undefined' is not assignable to parameter of type 'Auth'.
  Type 'undefined' is not assignable to type 'Auth'.
app/routes/authors/change-password.tsx(50,57): error TS2345: Argument of type 'string | null' is not assignable to parameter of type 'string'.
  Type 'null' is not assignable to type 'string'.
app/routes/authors/posts.tsx(124,32): error TS2339: Property 'message' does not exist on type 'JsonifyObject<{ success: boolean; error: string; }> | JsonifyObject<{ success: boolean; message: string; }>'.
  Property 'message' does not exist on type 'JsonifyObject<{ success: boolean; error: string; }>'.
app/routes/authors/posts.tsx(126,21): error TS2339: Property 'error' does not exist on type 'JsonifyObject<{ success: boolean; error: string; }> | JsonifyObject<{ success: boolean; message: string; }>'.
  Property 'error' does not exist on type 'JsonifyObject<{ success: boolean; message: string; }>'.
app/routes/authors/posts.tsx(127,30): error TS2339: Property 'error' does not exist on type 'JsonifyObject<{ success: boolean; error: string; }> | JsonifyObject<{ success: boolean; message: string; }>'.
  Property 'error' does not exist on type 'JsonifyObject<{ success: boolean; message: string; }>'.
app/routes/authors/profile.tsx(73,32): error TS2339: Property 'message' does not exist on type 'JsonifyObject<{ success: boolean; error: string; }> | JsonifyObject<{ success: boolean; message: string; }>'.
  Property 'message' does not exist on type 'JsonifyObject<{ success: boolean; error: string; }>'.
app/routes/authors/profile.tsx(75,21): error TS2339: Property 'error' does not exist on type 'JsonifyObject<{ success: boolean; error: string; }> | JsonifyObject<{ success: boolean; message: string; }>'.
  Property 'error' does not exist on type 'JsonifyObject<{ success: boolean; message: string; }>'.
app/routes/authors/profile.tsx(76,30): error TS2339: Property 'error' does not exist on type 'JsonifyObject<{ success: boolean; error: string; }> | JsonifyObject<{ success: boolean; message: string; }>'.
  Property 'error' does not exist on type 'JsonifyObject<{ success: boolean; message: string; }>'.
app/routes/me.$shortCode.tsx(114,57): error TS2339: Property 'pdfUrl' does not exist on type '{}'.
app/routes/me.$shortCode.tsx(124,78): error TS2339: Property 'id' does not exist on type '{}'.
app/routes/me.$shortCode.tsx(124,97): error TS2339: Property '_id' does not exist on type '{}'.
app/routes/me.$shortCode.tsx(133,59): error TS2339: Property 'pdfUrl' does not exist on type '{}'.
app/routes/public/about.tsx(191,20): error TS2740: Type 'Partial<SocialLinks>' is missing the following properties from type 'SocialLinks[]': length, pop, push, concat, and 29 more.
app/routes/public/about.tsx(351,23): error TS2339: Property '_id' does not exist on type 'Certification'.
app/routes/public/about.tsx(396,15): error TS2322: Type 'string | SocialLinks' is not assignable to type 'string | undefined'.
  Type 'SocialLinks' is not assignable to type 'string'.
app/routes/public/about.tsx(402,17): error TS2322: Type 'SocialLinks' is not assignable to type 'ReactNode'.
app/routes/public/blog.tsx(58,3): error TS2322: Type 'ForwardRefExoticComponent<Omit<LucideProps, "ref"> & RefAttributes<SVGSVGElement>>' is not assignable to type 'ComponentType<{ size?: number | undefined; }>'.
  Type 'ForwardRefExoticComponent<Omit<LucideProps, "ref"> & RefAttributes<SVGSVGElement>>' is not assignable to type 'FunctionComponent<{ size?: number | undefined; }>'.
    Types of property 'propTypes' are incompatible.
      Type 'WeakValidationMap<Omit<LucideProps, "ref"> & RefAttributes<SVGSVGElement>> | undefined' is not assignable to type 'WeakValidationMap<{ size?: number | undefined; }> | undefined'.
        Type 'WeakValidationMap<Omit<LucideProps, "ref"> & RefAttributes<SVGSVGElement>>' is not assignable to type 'WeakValidationMap<{ size?: number | undefined; }>'.
          Types of property 'size' are incompatible.
            Type 'Validator<string | number | null | undefined> | undefined' is not assignable to type 'Validator<number | null | undefined> | undefined'.
              Type 'Validator<string | number | null | undefined>' is not assignable to type 'Validator<number | null | undefined>'.
                Type 'string | number | null | undefined' is not assignable to type 'number | null | undefined'.
                  Type 'string' is not assignable to type 'number'.
app/routes/public/blog.tsx(111,34): error TS2339: Property '_id' does not exist on type '{ author: { id: string; email: string | null; authorName: string; }; } & { type: string; id: string; createdAt: Date; updatedAt: Date; authorId: string; slug: string; title: string; content: string; ... 13 more ...; date: Date; }'.
app/routes/public/blog.tsx(124,24): error TS2339: Property 'tags' does not exist on type '{ author: { id: string; email: string | null; authorName: string; }; } & { type: string; id: string; createdAt: Date; updatedAt: Date; authorId: string; slug: string; title: string; content: string; ... 13 more ...; date: Date; }'.
app/routes/public/blog.tsx(143,46): error TS2339: Property 'socialLinks' does not exist on type '{ tags: string[]; id: string; createdAt: Date; updatedAt: Date; description: string; title: string; githubUrl: string | null; imageUrl: string | null; projectUrl: string | null; }'.
app/routes/public/blog.tsx(149,34): error TS2322: Type '{ name: string; slug: string | undefined; }[]' is not assignable to type 'Category[]'.
  Property 'createdAt' is missing in type '{ name: string; slug: string | undefined; }' but required in type 'Category'.
app/routes/public/blog.tsx(169,9): error TS2353: Object literal may only specify known properties, and 'error' does not exist in type 'LoaderData'.
app/routes/public/blog_.posts.tsx(26,24): error TS7006: Parameter 'post' implicitly has an 'any' type.
app/routes/public/blog_.posts.tsx(78,24): error TS18047: 'cat' is possibly 'null'.
app/routes/public/blog_.posts.tsx(78,42): error TS18047: 'cat' is possibly 'null'.
app/routes/public/blog_.posts.tsx(78,58): error TS18047: 'cat' is possibly 'null'.
app/routes/public/blog_.posts.tsx(115,11): error TS2339: Property 'posts' does not exist on type 'unknown'.
app/routes/public/blog_.posts.tsx(115,18): error TS2339: Property 'categories' does not exist on type 'unknown'.
app/routes/public/blog_.posts.tsx(115,30): error TS2339: Property 'filters' does not exist on type 'unknown'.
app/routes/public/blog_.posts.tsx(142,33): error TS7006: Parameter 'post' implicitly has an 'any' type.
app/routes/public/blog_.posts.tsx(146,35): error TS7006: Parameter 'post' implicitly has an 'any' type.
app/routes/public/blog_.posts.tsx(154,35): error TS7006: Parameter 'post' implicitly has an 'any' type.
app/routes/public/blog_.posts.tsx(155,32): error TS7006: Parameter 'cat' implicitly has an 'any' type.
app/routes/public/blog_.posts.tsx(161,8): error TS7006: Parameter 'a' implicitly has an 'any' type.
app/routes/public/blog_.posts.tsx(161,11): error TS7006: Parameter 'b' implicitly has an 'any' type.
app/routes/public/blog_.posts.tsx(177,28): error TS7006: Parameter 'post' implicitly has an 'any' type.
app/routes/public/blog_.posts.tsx(206,33): error TS7006: Parameter 'categorySlug' implicitly has an 'any' type.
app/routes/public/blog_.posts.tsx(247,30): error TS7006: Parameter 'category' implicitly has an 'any' type.
app/routes/public/blog_.posts.tsx(308,41): error TS7006: Parameter 'post' implicitly has an 'any' type.
app/routes/public/blog_.posts.tsx(357,44): error TS7006: Parameter 'cat' implicitly has an 'any' type.
app/routes/public/contact.tsx(33,31): error TS7006: Parameter 'e' implicitly has an 'any' type.
app/routes/public/contact.tsx(71,25): error TS7006: Parameter 'e' implicitly has an 'any' type.
app/routes/public/guestbook.tsx(70,20): error TS2345: Argument of type 'Database | undefined' is not assignable to parameter of type 'Database'.
  Type 'undefined' is not assignable to type 'Database'.
app/routes/public/guestbook.tsx(107,29): error TS2345: Argument of type 'Database | undefined' is not assignable to parameter of type 'Database'.
  Type 'undefined' is not assignable to type 'Database'.
app/routes/public/guestbook.tsx(168,44): error TS2345: Argument of type 'Auth | undefined' is not assignable to parameter of type 'Auth'.
  Type 'undefined' is not assignable to type 'Auth'.
app/routes/public/guestbook.tsx(188,21): error TS2345: Argument of type 'Auth | undefined' is not assignable to parameter of type 'Auth'.
  Type 'undefined' is not assignable to type 'Auth'.
app/routes/public/guestbook.tsx(209,22): error TS2345: Argument of type 'Database | undefined' is not assignable to parameter of type 'Database'.
  Type 'undefined' is not assignable to type 'Database'.
app/Services/author.prisma.server.ts(21,5): error TS2322: Type '{ authorName: string; authorProfession?: string; email?: string; phone?: string; linkedin?: string; github?: string; twitter?: string; website?: string; buyCoffee?: string; description?: string; avatar?: string; isAdmin?: boolean; authorId: string; }' is not assignable to type '(Without<AuthorCreateInput, AuthorUncheckedCreateInput> & AuthorUncheckedCreateInput) | (Without<...> & AuthorCreateInput)'.
  Type '{ authorName: string; authorProfession?: string; email?: string; phone?: string; linkedin?: string; github?: string; twitter?: string; website?: string; buyCoffee?: string; description?: string; avatar?: string; isAdmin?: boolean; authorId: string; }' is not assignable to type 'Without<AuthorUncheckedCreateInput, AuthorCreateInput> & AuthorCreateInput'.
    Property 'username' is missing in type '{ authorName: string; authorProfession?: string; email?: string; phone?: string; linkedin?: string; github?: string; twitter?: string; website?: string; buyCoffee?: string; description?: string; avatar?: string; isAdmin?: boolean; authorId: string; }' but required in type 'AuthorCreateInput'.
app/Services/cloudinary.posts.server.ts(6,26): error TS2554: Expected 2-3 arguments, but got 1.
app/Services/content-access.server.ts(49,24): error TS7053: Element implicitly has an 'any' type because expression of type '"public" | "premium" | "exclusive"' can't be used to index type '{ free: number; premium: number; exclusive: number; }'.
  Property 'public' does not exist on type '{ free: number; premium: number; exclusive: number; }'.
app/Services/linktree.prisma.server.ts(49,7): error TS2322: Type 'ShowcaseItem[]' is not assignable to type 'InputJsonValue | null | undefined'.
  Type 'ShowcaseItem[]' is not assignable to type 'InputJsonObject'.
    Index signature for type 'string' is missing in type 'ShowcaseItem[]'.
app/Services/linktree.prisma.server.ts(57,7): error TS2322: Type 'CustomLink[]' is not assignable to type 'InputJsonValue | null | undefined'.
  Type 'CustomLink[]' is not assignable to type 'InputJsonObject'.
    Index signature for type 'string' is missing in type 'CustomLink[]'.
app/Services/linktree.prisma.server.ts(83,5): error TS2322: Type '{ displayName?: string | undefined; tagline?: string | undefined; avatarUrl?: string | undefined; backgroundUrl?: string | undefined; theme?: string | undefined; resumeUrl?: string | undefined; ... 8 more ...; customLinks?: CustomLink[] | undefined; }' is not assignable to type '(Without<LinktreeUpdateInput, LinktreeUncheckedUpdateInput> & LinktreeUncheckedUpdateInput) | (Without<...> & LinktreeUpdateInput)'.
  Type '{ displayName?: string | undefined; tagline?: string | undefined; avatarUrl?: string | undefined; backgroundUrl?: string | undefined; theme?: string | undefined; resumeUrl?: string | undefined; ... 8 more ...; customLinks?: CustomLink[] | undefined; }' is not assignable to type 'Without<LinktreeUncheckedUpdateInput, LinktreeUpdateInput> & LinktreeUpdateInput'.
    Type '{ displayName?: string | undefined; tagline?: string | undefined; avatarUrl?: string | undefined; backgroundUrl?: string | undefined; theme?: string | undefined; resumeUrl?: string | undefined; ... 8 more ...; customLinks?: CustomLink[] | undefined; }' is not assignable to type 'LinktreeUpdateInput'.
      Types of property 'showcaseItems' are incompatible.
        Type 'ShowcaseItem[] | undefined' is not assignable to type 'InputJsonValue | null | undefined'.
          Type 'ShowcaseItem[]' is not assignable to type 'InputJsonValue | null | undefined'.
            Type 'ShowcaseItem[]' is not assignable to type 'InputJsonObject'.
              Index signature for type 'string' is missing in type 'ShowcaseItem[]'.
app/Services/post.server.ts(53,5): error TS2322: Type 'string[] | ICategory[]' is not assignable to type 'ICategory[] | undefined'.
  Type 'string[]' is not assignable to type 'ICategory[]'.
    Type 'string' is not assignable to type 'ICategory'.
app/Services/post.server.ts(54,5): error TS2322: Type 'string[] | ITag[]' is not assignable to type 'ITag[] | undefined'.
  Type 'string[]' is not assignable to type 'ITag[]'.
    Type 'string' is not assignable to type 'ITag'.
app/Services/post.server.ts(294,5): error TS2322: Type '{ _id: string; }[] | undefined' is not assignable to type 'ICategory[] | undefined'.
  Type '{ _id: string; }[]' is not assignable to type 'ICategory[]'.
    Type '{ _id: string; }' is missing the following properties from type 'ICategory': catID, name, slug, createdAt, and 55 more.
app/Services/post.server.ts(295,5): error TS2322: Type 'string[] | undefined' is not assignable to type 'ITag[] | undefined'.
  Type 'string[]' is not assignable to type 'ITag[]'.
    Type 'string' is not assignable to type 'ITag'.
app/Services/post.server.ts(296,5): error TS2322: Type 'string[] | undefined' is not assignable to type 'IType[] | undefined'.
  Type 'string[]' is not assignable to type 'IType[]'.
    Type 'string' is not assignable to type 'IType'.
app/utils/firebase.client.ts(14,33): error TS2339: Property 'ENV' does not exist on type 'Window & typeof globalThis'.
app/utils/supabase-storage.client.ts(23,33): error TS18047: 'supabase' is possibly 'null'.
app/utils/supabase-storage.client.ts(34,35): error TS18047: 'supabase' is possibly 'null'.
app/utils/supabase-storage.client.ts(47,27): error TS18047: 'supabase' is possibly 'null'.
scripts/check_db_urls.ts(14,32): error TS2339: Property 'resume' does not exist on type 'PrismaClient<PrismaClientOptions, never, DefaultArgs>'.
scripts/check_db_urls.ts(16,19): error TS7006: Parameter 'r' implicitly has an 'any' type.
scripts/check_portfolio.ts(9,9): error TS2353: Object literal may only specify known properties, and 'include' does not exist in type '{ select?: PortfolioSelect<DefaultArgs> | null | undefined; omit?: PortfolioOmit<DefaultArgs> | null | undefined; ... 5 more ...; distinct?: PortfolioScalarFieldEnum | ... 1 more ... | undefined; }'.
scripts/check_portfolio.ts(19,46): error TS2339: Property 'name' does not exist on type '{ tags: string[]; id: string; createdAt: Date; updatedAt: Date; description: string; title: string; githubUrl: string | null; imageUrl: string | null; projectUrl: string | null; }'.
scripts/check_portfolio.ts(20,19): error TS2339: Property 'experiences' does not exist on type '{ tags: string[]; id: string; createdAt: Date; updatedAt: Date; description: string; title: string; githubUrl: string | null; imageUrl: string | null; projectUrl: string | null; }'.
scripts/check_portfolio.ts(20,44): error TS2339: Property 'experiences' does not exist on type '{ tags: string[]; id: string; createdAt: Date; updatedAt: Date; description: string; title: string; githubUrl: string | null; imageUrl: string | null; projectUrl: string | null; }'.
scripts/check_portfolio.ts(21,19): error TS2339: Property 'experiences' does not exist on type '{ tags: string[]; id: string; createdAt: Date; updatedAt: Date; description: string; title: string; githubUrl: string | null; imageUrl: string | null; projectUrl: string | null; }'.
scripts/check_portfolio.ts(21,40): error TS7006: Parameter 'exp' implicitly has an 'any' type.
scripts/check_portfolio.ts(21,45): error TS7006: Parameter 'index' implicitly has an 'any' type.
scripts/check_portfolio_mongoose.ts(30,41): error TS2339: Property 'summary' does not exist on type '{ title: string; year: string; isWorking: number; company: string; location: string; role: string; description: string[]; period: string; }'.
scripts/check_portfolio_mongoose.ts(35,60): error TS2339: Property 'toObject' does not exist on type '{ title: string; year: string; isWorking: number; company: string; location: string; role: string; description: string[]; period: string; }'.
scripts/check_portfolio_mongoose.ts(35,75): error TS2339: Property 'toObject' does not exist on type '{ title: string; year: string; isWorking: number; company: string; location: string; role: string; description: string[]; period: string; }'.
scripts/debug_post.ts(3,10): error TS2305: Module '"~/Services/post.prisma.server"' has no exported member 'getPostBySlug'.
scripts/force_update_linktree.ts(10,31): error TS2339: Property 'resume' does not exist on type 'PrismaClient<PrismaClientOptions, never, DefaultArgs>'.
scripts/seed_resumes.ts(44,37): error TS2339: Property 'resume' does not exist on type 'PrismaClient<PrismaClientOptions, never, DefaultArgs>'.
scripts/seed_resumes.ts(50,22): error TS2339: Property 'resume' does not exist on type 'PrismaClient<PrismaClientOptions, never, DefaultArgs>'.
scripts/seed_resumes.ts(60,22): error TS2339: Property 'resume' does not exist on type 'PrismaClient<PrismaClientOptions, never, DefaultArgs>'.
scripts/verify_fix.ts(12,28): error TS2339: Property 'name' does not exist on type '{ tags: string[]; id: string; createdAt: Date; updatedAt: Date; description: string; title: string; githubUrl: string | null; imageUrl: string | null; projectUrl: string | null; }'.
